** Drc report for Daughterboard.kicad_pcb **
** Created on 2026-07-06T23:13:50 **
** Report includes: Errors, Warnings **

** Found 62 DRC violations **
[clearance]: Clearance violation ( clearance 0.2500 mm; actual 0.2309 mm)
    Local override; error
    @(122.6000 mm, 23.5300 mm): PTH pad 2 [GND] of J5
    @(122.7017 mm, 21.7439 mm): Track [+3V3_SW] on F.Cu, length 0.7410 mm
[shorting_items]: Items shorting two nets (nets AIN3 and +3V3_SW)
    Local override; error
    @(136.3989 mm, 20.7375 mm): Track [AIN3] on In2.Cu, length 45.0005 mm
    @(122.6000 mm, 20.9900 mm): PTH pad 1 [+3V3_SW] of J5
[shorting_items]: Items shorting two nets (nets EXP_GPA0 and +3V3_SW)
    Local override; error
    @(140.3118 mm, 20.3358 mm): Track [EXP_GPA0] on In2.Cu, length 19.9463 mm
    @(122.6000 mm, 20.9900 mm): PTH pad 1 [+3V3_SW] of J5
[clearance]: Clearance violation ( clearance 0.2500 mm; actual 0.1309 mm)
    Local override; error
    @(122.1777 mm, 22.2679 mm): Via [+3V3_SW] on F.Cu - B.Cu
    @(122.6000 mm, 23.5300 mm): PTH pad 2 [GND] of J5
[clearance]: Clearance violation ( clearance 0.2500 mm; actual 0.0740 mm)
    Local override; error
    @(115.3968 mm, 26.3609 mm): Track [I2C_SCL] on In1.Cu, length 8.7387 mm
    @(122.6000 mm, 20.9900 mm): PTH pad 1 [+3V3_SW] of J5
[clearance]: Clearance violation ( clearance 0.2500 mm; actual 0.2309 mm)
    Local override; error
    @(122.6000 mm, 23.5300 mm): PTH pad 2 [GND] of J5
    @(122.1777 mm, 21.0830 mm): Track [+3V3_SW] on In1.Cu, length 1.1849 mm
[clearance]: Clearance violation ( clearance 0.2500 mm; actual 0.0740 mm)
    Local override; error
    @(121.5760 mm, 20.1817 mm): Track [I2C_SCL] on In1.Cu, length 0.8055 mm
    @(122.6000 mm, 20.9900 mm): PTH pad 1 [+3V3_SW] of J5
[clearance]: Clearance violation ( clearance 0.2500 mm; actual 0.0911 mm)
    Local override; error
    @(122.6000 mm, 23.5300 mm): PTH pad 2 [GND] of J5
    @(112.6456 mm, 31.8000 mm): Track [+3V3_SW] on In2.Cu, length 13.4804 mm
[shorting_items]: Items shorting two nets (nets +3V3_SW and I2C_SDA)
    Local override; error
    @(122.6000 mm, 20.9900 mm): PTH pad 1 [+3V3_SW] of J5
    @(119.5007 mm, 21.1392 mm): Track [I2C_SDA] on In2.Cu, length 14.2709 mm
[clearance]: Clearance violation ( clearance 0.2500 mm; actual 0.0000 mm)
    Local override; error
    @(122.6000 mm, 20.9900 mm): PTH pad 1 [+3V3_SW] of J5
    @(10.0000 mm, 10.3690 mm): Zone [GND] on In1.Cu, priority 0
[hole_clearance]: Hole clearance violation (board setup constraints hole clearance 0.2500 mm; actual 0.0000 mm)
    Rule: board setup constraints hole; error
    @(122.6000 mm, 20.9900 mm): PTH pad 1 [+3V3_SW] of J5
    @(10.0000 mm, 10.3690 mm): Zone [GND] on In1.Cu, priority 0
[clearance]: Clearance violation (zone clearance 0.2500 mm; actual 0.0000 mm)
    Local override; error
    @(122.6000 mm, 26.0700 mm): PTH pad 3 [I2C_SDA] of J5
    @(10.0000 mm, 10.3690 mm): Zone [GND] on In1.Cu, priority 0
[hole_clearance]: Hole clearance violation (board setup constraints hole clearance 0.2500 mm; actual 0.0000 mm)
    Rule: board setup constraints hole; error
    @(122.6000 mm, 26.0700 mm): PTH pad 3 [I2C_SDA] of J5
    @(10.0000 mm, 10.3690 mm): Zone [GND] on In1.Cu, priority 0
[clearance]: Clearance violation (zone clearance 0.2500 mm; actual 0.0000 mm)
    Local override; error
    @(122.6000 mm, 28.6100 mm): PTH pad 4 [I2C_SCL] of J5
    @(10.0000 mm, 10.3690 mm): Zone [GND] on In1.Cu, priority 0
[hole_clearance]: Hole clearance violation (board setup constraints hole clearance 0.2500 mm; actual 0.0000 mm)
    Rule: board setup constraints hole; error
    @(122.6000 mm, 28.6100 mm): PTH pad 4 [I2C_SCL] of J5
    @(10.0000 mm, 10.3690 mm): Zone [GND] on In1.Cu, priority 0
[clearance]: Clearance violation (zone clearance 0.2500 mm; actual 0.0000 mm)
    Local override; error
    @(123.0000 mm, 37.5900 mm): PTH pad 1 [GPIO14] of J6
    @(10.0000 mm, 10.3690 mm): Zone [GND] on In1.Cu, priority 0
[hole_clearance]: Hole clearance violation (board setup constraints hole clearance 0.2500 mm; actual 0.0000 mm)
    Rule: board setup constraints hole; error
    @(123.0000 mm, 37.5900 mm): PTH pad 1 [GPIO14] of J6
    @(10.0000 mm, 10.3690 mm): Zone [GND] on In1.Cu, priority 0
[clearance]: Clearance violation (zone clearance 0.2500 mm; actual 0.0000 mm)
    Local override; error
    @(123.0000 mm, 40.1300 mm): PTH pad 2 [GPIO21] of J6
    @(10.0000 mm, 10.3690 mm): Zone [GND] on In1.Cu, priority 0
[hole_clearance]: Hole clearance violation (board setup constraints hole clearance 0.2500 mm; actual 0.0000 mm)
    Rule: board setup constraints hole; error
    @(123.0000 mm, 40.1300 mm): PTH pad 2 [GPIO21] of J6
    @(10.0000 mm, 10.3690 mm): Zone [GND] on In1.Cu, priority 0
[clearance]: Clearance violation ( clearance 0.2500 mm; actual 0.2000 mm)
    Local override; error
    @(31.9625 mm, 35.2500 mm): Pad 13 [PACK_P] of U1 on F.Cu
    @(30.0000 mm, 34.0000 mm): Pad 25 [GND] of U1 on F.Cu
[clearance]: Clearance violation ( clearance 0.2500 mm; actual 0.2000 mm)
    Local override; error
    @(31.9625 mm, 34.7500 mm): Pad 14 [PACK_P] of U1 on F.Cu
    @(30.0000 mm, 34.0000 mm): Pad 25 [GND] of U1 on F.Cu
[clearance]: Clearance violation ( clearance 0.2500 mm; actual 0.2000 mm)
    Local override; error
    @(31.9625 mm, 34.2500 mm): Pad 15 [PACK_P] of U1 on F.Cu
    @(30.0000 mm, 34.0000 mm): Pad 25 [GND] of U1 on F.Cu
[clearance]: Clearance violation ( clearance 0.2500 mm; actual 0.2000 mm)
    Local override; error
    @(31.9625 mm, 33.7500 mm): Pad 16 [PACK_P] of U1 on F.Cu
    @(30.0000 mm, 34.0000 mm): Pad 25 [GND] of U1 on F.Cu
[clearance]: Clearance violation ( clearance 0.2500 mm; actual 0.2000 mm)
    Local override; error
    @(29.2500 mm, 32.0375 mm): Pad 23 [CHG_IN] of U1 on F.Cu
    @(30.0000 mm, 34.0000 mm): Pad 25 [GND] of U1 on F.Cu
[clearance]: Clearance violation ( clearance 0.2500 mm; actual 0.2250 mm)
    Local override; error
    @(28.7500 mm, 32.0375 mm): Pad 24 [GND] of U1 on F.Cu
    @(29.2000 mm, 31.7000 mm): Segment [CHG_IN] on F.Cu
[starved_thermal]: Thermal relief connection to zone incomplete (layer In1.Cu; zone min spoke count 2; actual 1)
    Local override; error
    @(10.0000 mm, 10.3690 mm): Zone [GND] on In1.Cu, priority 0
    @(122.6000 mm, 23.5300 mm): PTH pad 2 [GND] of J5
[track_dangling]: Track has unconnected end
    Local override; warning
    @(124.2550 mm, 23.5300 mm): Track [GND] on F.Cu, length 1.5567 mm
[track_dangling]: Track has unconnected end
    Local override; warning
    @(120.9450 mm, 20.9900 mm): Track [+3V3_SW] on F.Cu, length 1.7567 mm
[track_dangling]: Track has unconnected end
    Local override; warning
    @(124.6550 mm, 40.1300 mm): Track [GPIO21] on F.Cu, length 0.8017 mm
[track_dangling]: Track has unconnected end
    Local override; warning
    @(121.3450 mm, 37.5900 mm): Track [GPIO14] on F.Cu, length 1.5567 mm
[text_height]: Text height out of range (board setup constraints silk text height min height 0.8000 mm; actual 0.7000 mm)
    Rule: board setup constraints silk text height; warning
    @(41.3000 mm, 13.6500 mm): Footprint text of SW1 (VIN)
[text_height]: Text height out of range (board setup constraints silk text height min height 0.8000 mm; actual 0.6500 mm)
    Rule: board setup constraints silk text height; warning
    @(41.6000 mm, 18.7300 mm): Footprint text of SW1 (GND)
[text_height]: Text height out of range (board setup constraints silk text height min height 0.8000 mm; actual 0.6500 mm)
    Rule: board setup constraints silk text height; warning
    @(42.0000 mm, 27.6200 mm): Footprint text of SW1 (CTRL)
[text_height]: Text height out of range (board setup constraints silk text height min height 0.8000 mm; actual 0.6500 mm)
    Rule: board setup constraints silk text height; warning
    @(49.8000 mm, 13.6500 mm): Footprint text of SW1 (VOUT)
[text_height]: Text height out of range (board setup constraints silk text height min height 0.8000 mm; actual 0.6500 mm)
    Rule: board setup constraints silk text height; warning
    @(50.4000 mm, 18.7300 mm): Footprint text of SW1 (GND)
[text_height]: Text height out of range (board setup constraints silk text height min height 0.8000 mm; actual 0.7000 mm)
    Rule: board setup constraints silk text height; warning
    @(84.5500 mm, 33.0700 mm): Footprint text of SW2 (VIN)
[text_height]: Text height out of range (board setup constraints silk text height min height 0.8000 mm; actual 0.6500 mm)
    Rule: board setup constraints silk text height; warning
    @(84.8500 mm, 38.1500 mm): Footprint text of SW2 (GND)
[text_height]: Text height out of range (board setup constraints silk text height min height 0.8000 mm; actual 0.6500 mm)
    Rule: board setup constraints silk text height; warning
    @(85.2500 mm, 47.0400 mm): Footprint text of SW2 (CTRL)
[text_height]: Text height out of range (board setup constraints silk text height min height 0.8000 mm; actual 0.6500 mm)
    Rule: board setup constraints silk text height; warning
    @(93.0500 mm, 33.0700 mm): Footprint text of SW2 (VOUT)
[text_height]: Text height out of range (board setup constraints silk text height min height 0.8000 mm; actual 0.6500 mm)
    Rule: board setup constraints silk text height; warning
    @(93.6500 mm, 38.1500 mm): Footprint text of SW2 (GND)
[text_height]: Text height out of range (board setup constraints silk text height min height 0.8000 mm; actual 0.7000 mm)
    Rule: board setup constraints silk text height; warning
    @(64.6625 mm, 34.0500 mm): Reference field of U2
[silk_overlap]: Silkscreen clearance
    Rule: board setup constraints silk; warning
    @(132.8000 mm, 12.7520 mm): Reference field of J910
    @(129.4000 mm, 12.7520 mm): Reference field of J911
[silk_overlap]: Silkscreen clearance
    Rule: board setup constraints silk; warning
    @(140.6775 mm, 26.1877 mm): Segment of R38 on F.Silkscreen
    @(140.2000 mm, 26.4250 mm): Reference field of R38
[silk_overlap]: Silkscreen clearance
    Rule: board setup constraints silk; warning
    @(135.8775 mm, 26.1877 mm): Segment of R35 on F.Silkscreen
    @(135.4000 mm, 26.4250 mm): Reference field of R35
[silk_overlap]: Silkscreen clearance
    Rule: board setup constraints silk; warning
    @(138.2775 mm, 26.1377 mm): Segment of R37 on F.Silkscreen
    @(137.8000 mm, 26.3750 mm): Reference field of R37
[silk_overlap]: Silkscreen clearance
    Rule: board setup constraints silk; warning
    @(57.0500 mm, 50.0000 mm): Reference field of Q1
    @(57.8900 mm, 52.3100 mm): Segment of Q1 on F.Silkscreen
[silk_overlap]: Silkscreen clearance
    Rule: board setup constraints silk; warning
    @(145.6775 mm, 26.1877 mm): Segment of R34 on F.Silkscreen
    @(145.2000 mm, 26.4250 mm): Reference field of R34
[silk_overlap]: Silkscreen clearance
    Rule: board setup constraints silk; warning
    @(142.8000 mm, 26.4250 mm): Reference field of R36
    @(143.2775 mm, 26.1877 mm): Segment of R36 on F.Silkscreen
[silk_overlap]: Silkscreen clearance
    Rule: board setup constraints silk; warning
    @(148.0775 mm, 26.1877 mm): Segment of R33 on F.Silkscreen
    @(147.6000 mm, 26.4250 mm): Reference field of R33
[silk_over_copper]: Silkscreen clipped by solder mask
    Local override; warning
    @(140.2000 mm, 26.4250 mm): Reference field of R38
    @(141.2000 mm, 27.2500 mm): Pad 2 [EXP_GPB7] of R38 on F.Cu
[silk_over_copper]: Silkscreen clipped by solder mask
    Local override; warning
    @(135.4000 mm, 26.4250 mm): Reference field of R35
    @(136.4000 mm, 27.2500 mm): Pad 2 [EXP_GPB4] of R35 on F.Cu
[silk_over_copper]: Silkscreen clipped by solder mask
    Local override; warning
    @(135.4000 mm, 26.4250 mm): Reference field of R35
    @(136.4000 mm, 25.6000 mm): Pad 1 [MCP_GPB4] of R35 on F.Cu
[silk_over_copper]: Silkscreen clipped by solder mask
    Local override; warning
    @(137.8000 mm, 26.3750 mm): Reference field of R37
    @(138.8000 mm, 25.5500 mm): Pad 1 [MCP_GPB6] of R37 on F.Cu
[silk_over_copper]: Silkscreen clipped by solder mask
    Local override; warning
    @(137.8000 mm, 26.3750 mm): Reference field of R37
    @(138.8000 mm, 27.2000 mm): Pad 2 [EXP_GPB6] of R37 on F.Cu
[silk_over_copper]: Silkscreen clipped by solder mask
    Local override; warning
    @(84.5500 mm, 33.0700 mm): Footprint text of SW2 (VIN)
    @(82.9000 mm, 31.8000 mm): PTH pad 1 [+3V3] of SW2
[silk_over_copper]: Silkscreen clipped by solder mask
    Local override; warning
    @(41.3000 mm, 13.6500 mm): Footprint text of SW1 (VIN)
    @(39.6500 mm, 12.3800 mm): PTH pad 1 [+5V] of SW1
[silk_over_copper]: Silkscreen clipped by solder mask
    Local override; warning
    @(145.2000 mm, 26.4250 mm): Reference field of R34
    @(146.2000 mm, 27.2500 mm): Pad 2 [EXP_GPB3] of R34 on F.Cu
[silk_over_copper]: Silkscreen clipped by solder mask
    Local override; warning
    @(142.8000 mm, 26.4250 mm): Reference field of R36
    @(143.8000 mm, 25.6000 mm): Pad 1 [MCP_GPB5] of R36 on F.Cu
[silk_over_copper]: Silkscreen clipped by solder mask
    Local override; warning
    @(142.8000 mm, 26.4250 mm): Reference field of R36
    @(143.8000 mm, 27.2500 mm): Pad 2 [EXP_GPB5] of R36 on F.Cu
[silk_over_copper]: Silkscreen clipped by solder mask
    Local override; warning
    @(140.2000 mm, 26.4250 mm): Reference field of R38
    @(141.2000 mm, 25.6000 mm): Pad 1 [MCP_GPB7] of R38 on F.Cu
[silk_over_copper]: Silkscreen clipped by solder mask
    Local override; warning
    @(147.6000 mm, 26.4250 mm): Reference field of R33
    @(148.6000 mm, 27.2500 mm): Pad 2 [EXP_GPB2] of R33 on F.Cu
[silk_over_copper]: Silkscreen clipped by solder mask
    Local override; warning
    @(147.6000 mm, 26.4250 mm): Reference field of R33
    @(148.6000 mm, 25.6000 mm): Pad 1 [MCP_GPB2] of R33 on F.Cu

** Found 1 unconnected pads **
[unconnected_items]: Missing connection between items
    Local override; error
    @(123.0000 mm, 37.5900 mm): PTH pad 1 [GPIO14] of J6
    @(121.3450 mm, 37.5900 mm): Track [GPIO14] on F.Cu, length 1.5567 mm

** Found 0 Footprint errors **

** Ignored checks **
    - Footprint has no courtyard defined
    - Track endpoint not centered on via
    - Tuning profile track geometries
    - Footprint doesn't match symbol's footprint filters
    - Footprint component type doesn't match footprint pads

** End of Report **
